
> shuttlecock-tracker@0.1.0 build
> next build

node.exe : node:inter
nal/modules/cjs/loade
r:1368
位於 線路:1 字元:1
+ & "D:\nodejs/node.e
xe" "D:\nodejs/node_m
odules/npm/bin/npm-cl
i.js" ru ...
+ ~~~~~~~~~~~~~~~~~~~
~~~~~~~~~~~~~~~~~~~~~
~~~~~~~~~~~~~~~~~~~~~
~~~~~~~~
    + CategoryInfo   
           : NotSpe  
  cified: (node:in   
 ternal/modules/c    
js/loader:1368:S    t
ring) [], Remot    eE
xception
    + FullyQualified 
   ErrorId : Native  
  CommandError
 
  throw err;
  ^

Error: Cannot find mo
dule '../server/requi
re-hook'
Require stack:
- D:\my\sideProject\s
huttlecockTracker\nod
e_modules\next\dist\b
in\next
    at Function._reso
lveFilename (node:int
ernal/modules/cjs/loa
der:1365:15)
    at defaultResolve
Impl (node:internal/m
odules/cjs/loader:102
1:19)
    at resolveForCJSW
ithHooks (node:intern
al/modules/cjs/loader
:1026:22)
    at Function._load
 (node:internal/modul
es/cjs/loader:1175:37
)
    at TracingChannel
.traceSync (node:diag
nostics_channel:322:1
4)
    at wrapModuleLoad
 (node:internal/modul
es/cjs/loader:235:24)
    at Module.require
 (node:internal/modul
es/cjs/loader:1445:12
)
    at require (node:
internal/modules/help
ers:135:16)
    at Object.<anonym
ous> (D:\my\sideProje
ct\shuttlecockTracker
\node_modules\next\di
st\bin\next:6:1)
    at Module._compil
e (node:internal/modu
les/cjs/loader:1688:1
4) {
  code: 'MODULE_NOT_F
OUND',
  requireStack: [
    'D:\\my\\sideProj
ect\\shuttlecockTrack
er\\node_modules\\nex
t\\dist\\bin\\next'
  ]
}

Node.js v22.18.0
